
> sdmed-sys@0.1.0 build
> next build

   Ôû▓ Next.js 15.2.9
   - Environments: .env.local

   Creating an optimized production build ...
 Ô£ô Compiled successfully
   Linting and checking validity of types ...
node.exe : 
No C:\Program Files\nodejs\npm.ps1:29 
caractere:3
+   & $NODE_EXE $NPM_CLI_JS $args
+   ~~~~~~~~~~~~~~~~~~~~~~~~~~~~~
    + CategoryInfo          : NotSpecifie 
   d: (:String) [], RemoteException
    + FullyQualifiedErrorId : NativeComma 
   ndError
 
Failed to compile.

./app/(dashboard)/doctor/page.tsx
25:101  Error: Error: Cannot call impure 
function during render

`Date.now` is an impure function. Calling 
an impure function can produce unstable 
results that update unpredictably when 
the component happens to re-render. (https
://react.dev/reference/rules/components-an
d-hooks-must-be-pure#components-and-hooks-
must-be-idempotent).

E:\SDMED 
Sys\app\(dashboard)\doctor\page.tsx:25:101
  23 |     const inServicePatient = 
queue.find(q => q.status === 
'IN_SERVICE');
  24 |     const todayAppointments = 
appointments.length;
> 25 |     const nextAppointment = 
appointments.find(a => a.startTime && new 
Date(a.startTime).getTime() > Date.now());
     |                                    
                                          
                       ^^^^^^^^^^ Cannot 
call impure function
  26 |
  27 |     return (
  28 |         <div style={{ padding: 
'2rem', maxWidth: '1200px', margin: '0 
auto' }}>  react-hooks/purity

info  - Need to disable some ESLint 
rules? Learn more here: https://nextjs.org
/docs/app/api-reference/config/eslint#disa
bling-rules
