
> sdmed-sys@0.1.0 build
> next build

   Ôû▓ Next.js 15.2.9
   - Environments: .env.local

   Creating an optimized production build ...
