app/(dashboard)/doctor/queue/page.tsx(12,29): error TS2322: Type 'QueueItem[]' is not assignable to type 'QueueItemWithPatient[]'.
  Property 'patientName' is missing in type 'QueueItem' but required in type 'QueueItemWithPatient'.
app/(dashboard)/secretary/queue/page.tsx(10,25): error TS2322: Type 'QueueItem[]' is not assignable to type 'QueueItemWithPatient[]'.
  Property 'patientName' is missing in type 'QueueItem' but required in type 'QueueItemWithPatient'.
features/consultation/__tests__/service.test.ts(39,91): error TS2554: Expected 2 arguments, but got 3.
features/consultation/__tests__/service.test.ts(49,53): error TS2554: Expected 1 arguments, but got 2.
